===== FILE: jobs/demo-002/out/demo-002-16x9.mp4 =====
--- CMD1: npx remotion ffprobe -v error -show_streams -show_format -of json jobs/demo-002/out/demo-002-16x9.mp4
{
    "streams": [
        {
            "index": 0,
            "codec_name": "h264",
            "codec_long_name": "unknown",
            "profile": "100",
            "codec_type": "video",
            "codec_tag_string": "avc1",
            "codec_tag": "0x31637661",
            "width": 1920,
            "height": 1080,
            "coded_width": 1920,
            "coded_height": 1080,
            "closed_captions": 0,
            "film_grain": 0,
            "has_b_frames": 2,
            "sample_aspect_ratio": "1:1",
            "display_aspect_ratio": "16:9",
            "pix_fmt": "yuv420p",
            "level": 40,
            "color_range": "tv",
            "color_space": "bt709",
            "chroma_location": "center",
            "field_order": "progressive",
            "refs": 1,
            "is_avc": "true",
            "nal_length_size": "4",
            "id": "0x1",
            "r_frame_rate": "30/1",
            "avg_frame_rate": "30/1",
            "time_base": "1/90000",
            "start_pts": 0,
            "start_time": "0.000000",
            "duration_ts": 1350000,
            "duration": "15.000000",
            "bit_rate": "1465789",
            "bits_per_raw_sample": "8",
            "nb_frames": "450",
            "extradata_size": 51,
            "disposition": {
                "default": 1,
                "dub": 0,
                "original": 0,
                "comment": 0,
                "lyrics": 0,
                "karaoke": 0,
                "forced": 0,
                "hearing_impaired": 0,
                "visual_impaired": 0,
                "clean_effects": 0,
                "attached_pic": 0,
                "timed_thumbnails": 0,
                "non_diegetic": 0,
                "captions": 0,
                "descriptions": 0,
                "metadata": 0,
                "dependent": 0,
                "still_image": 0,
                "multilayer": 0
            },
            "tags": {
                "language": "und",
                "handler_name": "VideoHandler",
                "vendor_id": "[0][0][0][0]"
            }
        },
        {
            "index": 1,
            "codec_name": "aac",
            "codec_long_name": "unknown",
            "profile": "1",
            "codec_type": "audio",
            "codec_tag_string": "mp4a",
            "codec_tag": "0x6134706d",
            "sample_fmt": "fltp",
            "sample_rate": "48000",
            "channels": 2,
            "channel_layout": "stereo",
            "bits_per_sample": 0,
            "initial_padding": 0,
            "id": "0x2",
            "r_frame_rate": "0/0",
            "avg_frame_rate": "0/0",
            "time_base": "1/48000",
            "start_pts": 0,
            "start_time": "0.000000",
            "duration_ts": 720912,
            "duration": "15.019000",
            "bit_rate": "317375",
            "nb_frames": "706",
            "extradata_size": 2,
            "disposition": {
                "default": 1,
                "dub": 0,
                "original": 0,
                "comment": 0,
                "lyrics": 0,
                "karaoke": 0,
                "forced": 0,
                "hearing_impaired": 0,
                "visual_impaired": 0,
                "clean_effects": 0,
                "attached_pic": 0,
                "timed_thumbnails": 0,
                "non_diegetic": 0,
                "captions": 0,
                "descriptions": 0,
                "metadata": 0,
                "dependent": 0,
                "still_image": 0,
                "multilayer": 0
            },
            "tags": {
                "language": "und",
                "handler_name": "SoundHandler",
                "vendor_id": "[0][0][0][0]"
            }
        }
    ],
    "format": {
        "filename": "jobs/demo-002/out/demo-002-16x9.mp4",
        "nb_streams": 2,
        "nb_programs": 0,
        "nb_stream_groups": 0,
        "format_name": "mov,mp4,m4a,3gp,3g2,mj2",
        "start_time": "0.000000",
        "duration": "15.019000",
        "size": "3363465",
        "bit_rate": "1791578",
        "probe_score": 100,
        "tags": {
            "major_brand": "isom",
            "minor_version": "512",
            "compatible_brands": "isomiso2avc1mp41"
        }
    }
}
exit=0
--- CMD2: npx remotion ffprobe -v error -count_frames -select_streams v:0 -show_entries stream=nb_read_frames -of json jobs/demo-002/out/demo-002-16x9.mp4
{
    "programs": [

    ],
    "stream_groups": [

    ],
    "streams": [
        {
            "nb_read_frames": "450"
        }
    ]
}
exit=0
--- CMD3: ffmpeg -v error -i jobs/demo-002/out/demo-002-16x9.mp4 -f null -
exit=0
===== FILE: jobs/demo-002/out/demo-002-9x16.mp4 =====
--- CMD1: npx remotion ffprobe -v error -show_streams -show_format -of json jobs/demo-002/out/demo-002-9x16.mp4
{
    "streams": [
        {
            "index": 0,
            "codec_name": "h264",
            "codec_long_name": "unknown",
            "profile": "100",
            "codec_type": "video",
            "codec_tag_string": "avc1",
            "codec_tag": "0x31637661",
            "width": 1080,
            "height": 1920,
            "coded_width": 1080,
            "coded_height": 1920,
            "closed_captions": 0,
            "film_grain": 0,
            "has_b_frames": 2,
            "sample_aspect_ratio": "1:1",
            "display_aspect_ratio": "9:16",
            "pix_fmt": "yuv420p",
            "level": 40,
            "color_range": "tv",
            "color_space": "bt709",
            "chroma_location": "center",
            "field_order": "progressive",
            "refs": 1,
            "is_avc": "true",
            "nal_length_size": "4",
            "id": "0x1",
            "r_frame_rate": "30/1",
            "avg_frame_rate": "30/1",
            "time_base": "1/90000",
            "start_pts": 0,
            "start_time": "0.000000",
            "duration_ts": 1350000,
            "duration": "15.000000",
            "bit_rate": "1327357",
            "bits_per_raw_sample": "8",
            "nb_frames": "450",
            "extradata_size": 51,
            "disposition": {
                "default": 1,
                "dub": 0,
                "original": 0,
                "comment": 0,
                "lyrics": 0,
                "karaoke": 0,
                "forced": 0,
                "hearing_impaired": 0,
                "visual_impaired": 0,
                "clean_effects": 0,
                "attached_pic": 0,
                "timed_thumbnails": 0,
                "non_diegetic": 0,
                "captions": 0,
                "descriptions": 0,
                "metadata": 0,
                "dependent": 0,
                "still_image": 0,
                "multilayer": 0
            },
            "tags": {
                "language": "und",
                "handler_name": "VideoHandler",
                "vendor_id": "[0][0][0][0]"
            }
        },
        {
            "index": 1,
            "codec_name": "aac",
            "codec_long_name": "unknown",
            "profile": "1",
            "codec_type": "audio",
            "codec_tag_string": "mp4a",
            "codec_tag": "0x6134706d",
            "sample_fmt": "fltp",
            "sample_rate": "48000",
            "channels": 2,
            "channel_layout": "stereo",
            "bits_per_sample": 0,
            "initial_padding": 0,
            "id": "0x2",
            "r_frame_rate": "0/0",
            "avg_frame_rate": "0/0",
            "time_base": "1/48000",
            "start_pts": 0,
            "start_time": "0.000000",
            "duration_ts": 720912,
            "duration": "15.019000",
            "bit_rate": "317375",
            "nb_frames": "706",
            "extradata_size": 2,
            "disposition": {
                "default": 1,
                "dub": 0,
                "original": 0,
                "comment": 0,
                "lyrics": 0,
                "karaoke": 0,
                "forced": 0,
                "hearing_impaired": 0,
                "visual_impaired": 0,
                "clean_effects": 0,
                "attached_pic": 0,
                "timed_thumbnails": 0,
                "non_diegetic": 0,
                "captions": 0,
                "descriptions": 0,
                "metadata": 0,
                "dependent": 0,
                "still_image": 0,
                "multilayer": 0
            },
            "tags": {
                "language": "und",
                "handler_name": "SoundHandler",
                "vendor_id": "[0][0][0][0]"
            }
        }
    ],
    "format": {
        "filename": "jobs/demo-002/out/demo-002-9x16.mp4",
        "nb_streams": 2,
        "nb_programs": 0,
        "nb_stream_groups": 0,
        "format_name": "mov,mp4,m4a,3gp,3g2,mj2",
        "start_time": "0.000000",
        "duration": "15.019000",
        "size": "3104033",
        "bit_rate": "1653389",
        "probe_score": 100,
        "tags": {
            "major_brand": "isom",
            "minor_version": "512",
            "compatible_brands": "isomiso2avc1mp41"
        }
    }
}
exit=0
--- CMD2: npx remotion ffprobe -v error -count_frames -select_streams v:0 -show_entries stream=nb_read_frames -of json jobs/demo-002/out/demo-002-9x16.mp4
{
    "programs": [

    ],
    "stream_groups": [

    ],
    "streams": [
        {
            "nb_read_frames": "450"
        }
    ]
}
exit=0
--- CMD3: ffmpeg -v error -i jobs/demo-002/out/demo-002-9x16.mp4 -f null -
exit=0
