# demo-002 audio-sync self-check 2026-10-09T19:42:55Z
## BEFORE (raw)
file: jobs/demo-002/qa/raw-renders/demo-002-16x9.raw.mp4
decoded audio samples: 722944 (15.0613 s); wav 720000 (15.0000 s)
cut f0   lag +2048 samples (+1.28 frames, corr 0.999); peak sample in frame f1 (-4.06 dBFS)
cut f60  lag +2048 samples (+1.28 frames, corr 0.999); peak sample in frame f61 (-3.13 dBFS)
cut f120 lag +2048 samples (+1.28 frames, corr 0.999); peak sample in frame f121 (-3.81 dBFS)
cut f180 lag +2048 samples (+1.28 frames, corr 0.999); peak sample in frame f181 (-3.25 dBFS)
cut f240 lag +2048 samples (+1.28 frames, corr 0.999); peak sample in frame f241 (-2.00 dBFS)
cut f300 lag +2048 samples (+1.28 frames, corr 0.998); peak sample in frame f301 (-3.65 dBFS)
cut f360 lag +2048 samples (+1.28 frames, corr 0.998); peak sample in frame f361 (-0.16 dBFS)
## AFTER (final)
file: jobs/demo-002/out/demo-002-16x9.mp4
decoded audio samples: 720896 (15.0187 s); wav 720000 (15.0000 s)
cut f0   lag    +0 samples (+0.00 frames, corr 0.999); peak sample in frame f0 (-4.06 dBFS)
cut f60  lag    +0 samples (+0.00 frames, corr 0.999); peak sample in frame f60 (-3.13 dBFS)
cut f120 lag    +0 samples (+0.00 frames, corr 0.999); peak sample in frame f120 (-3.81 dBFS)
cut f180 lag    +0 samples (+0.00 frames, corr 0.999); peak sample in frame f180 (-3.25 dBFS)
cut f240 lag    +0 samples (+0.00 frames, corr 0.999); peak sample in frame f240 (-2.00 dBFS)
cut f300 lag    +0 samples (+0.00 frames, corr 0.998); peak sample in frame f300 (-3.65 dBFS)
cut f360 lag    +0 samples (+0.00 frames, corr 0.998); peak sample in frame f360 (-0.16 dBFS)
## BEFORE (raw)
file: jobs/demo-002/qa/raw-renders/demo-002-9x16.raw.mp4
decoded audio samples: 722944 (15.0613 s); wav 720000 (15.0000 s)
cut f0   lag +2048 samples (+1.28 frames, corr 0.999); peak sample in frame f1 (-4.06 dBFS)
cut f60  lag +2048 samples (+1.28 frames, corr 0.999); peak sample in frame f61 (-3.13 dBFS)
cut f120 lag +2048 samples (+1.28 frames, corr 0.999); peak sample in frame f121 (-3.81 dBFS)
cut f180 lag +2048 samples (+1.28 frames, corr 0.999); peak sample in frame f181 (-3.25 dBFS)
cut f240 lag +2048 samples (+1.28 frames, corr 0.999); peak sample in frame f241 (-2.00 dBFS)
cut f300 lag +2048 samples (+1.28 frames, corr 0.998); peak sample in frame f301 (-3.65 dBFS)
cut f360 lag +2048 samples (+1.28 frames, corr 0.998); peak sample in frame f361 (-0.16 dBFS)
## AFTER (final)
file: jobs/demo-002/out/demo-002-9x16.mp4
decoded audio samples: 720896 (15.0187 s); wav 720000 (15.0000 s)
cut f0   lag    +0 samples (+0.00 frames, corr 0.999); peak sample in frame f0 (-4.06 dBFS)
cut f60  lag    +0 samples (+0.00 frames, corr 0.999); peak sample in frame f60 (-3.13 dBFS)
cut f120 lag    +0 samples (+0.00 frames, corr 0.999); peak sample in frame f120 (-3.81 dBFS)
cut f180 lag    +0 samples (+0.00 frames, corr 0.999); peak sample in frame f180 (-3.25 dBFS)
cut f240 lag    +0 samples (+0.00 frames, corr 0.999); peak sample in frame f240 (-2.00 dBFS)
cut f300 lag    +0 samples (+0.00 frames, corr 0.998); peak sample in frame f300 (-3.65 dBFS)
cut f360 lag    +0 samples (+0.00 frames, corr 0.998); peak sample in frame f360 (-0.16 dBFS)
