# audio-sync self-check 2026-10-09T18:54:16Z - lag = decoded MP4 vs score.wav at each cut (positive = audio late)
## BEFORE (raw Remotion output)
file: jobs/demo-001/qa/raw-renders/demo-001-16x9.raw.mp4
decoded audio samples: 722944 (15.0613 s); wav 720000 (15.0000 s)
cut f0   lag +2048 samples (+1.28 frames, corr 0.999); peak sample in frame f1 (-4.49 dBFS)
cut f75  lag +2048 samples (+1.28 frames, corr 0.999); peak sample in frame f76 (-3.74 dBFS)
cut f165 lag +2048 samples (+1.28 frames, corr 0.999); peak sample in frame f166 (-3.14 dBFS)
cut f255 lag +2048 samples (+1.28 frames, corr 0.999); peak sample in frame f256 (-3.18 dBFS)
cut f330 lag +2048 samples (+1.28 frames, corr 0.999); peak sample in frame f331 (-2.57 dBFS)
cut f390 lag +2048 samples (+1.28 frames, corr 0.999); peak sample in frame f391 (-1.37 dBFS)
## AFTER (final, edit list trims 2048 priming samples)
file: jobs/demo-001/out/demo-001-16x9.mp4
decoded audio samples: 720896 (15.0187 s); wav 720000 (15.0000 s)
cut f0   lag    +0 samples (+0.00 frames, corr 0.999); peak sample in frame f0 (-4.49 dBFS)
cut f75  lag    +0 samples (+0.00 frames, corr 0.999); peak sample in frame f75 (-3.74 dBFS)
cut f165 lag    +0 samples (+0.00 frames, corr 0.999); peak sample in frame f165 (-3.14 dBFS)
cut f255 lag    +0 samples (+0.00 frames, corr 0.999); peak sample in frame f255 (-3.18 dBFS)
cut f330 lag    +0 samples (+0.00 frames, corr 0.999); peak sample in frame f330 (-2.57 dBFS)
cut f390 lag    +0 samples (+0.00 frames, corr 0.999); peak sample in frame f390 (-1.37 dBFS)
## BEFORE (raw Remotion output)
file: jobs/demo-001/qa/raw-renders/demo-001-9x16.raw.mp4
decoded audio samples: 722944 (15.0613 s); wav 720000 (15.0000 s)
cut f0   lag +2048 samples (+1.28 frames, corr 0.999); peak sample in frame f1 (-4.49 dBFS)
cut f75  lag +2048 samples (+1.28 frames, corr 0.999); peak sample in frame f76 (-3.74 dBFS)
cut f165 lag +2048 samples (+1.28 frames, corr 0.999); peak sample in frame f166 (-3.14 dBFS)
cut f255 lag +2048 samples (+1.28 frames, corr 0.999); peak sample in frame f256 (-3.18 dBFS)
cut f330 lag +2048 samples (+1.28 frames, corr 0.999); peak sample in frame f331 (-2.57 dBFS)
cut f390 lag +2048 samples (+1.28 frames, corr 0.999); peak sample in frame f391 (-1.37 dBFS)
## AFTER (final, edit list trims 2048 priming samples)
file: jobs/demo-001/out/demo-001-9x16.mp4
decoded audio samples: 720896 (15.0187 s); wav 720000 (15.0000 s)
cut f0   lag    +0 samples (+0.00 frames, corr 0.999); peak sample in frame f0 (-4.49 dBFS)
cut f75  lag    +0 samples (+0.00 frames, corr 0.999); peak sample in frame f75 (-3.74 dBFS)
cut f165 lag    +0 samples (+0.00 frames, corr 0.999); peak sample in frame f165 (-3.14 dBFS)
cut f255 lag    +0 samples (+0.00 frames, corr 0.999); peak sample in frame f255 (-3.18 dBFS)
cut f330 lag    +0 samples (+0.00 frames, corr 0.999); peak sample in frame f330 (-2.57 dBFS)
cut f390 lag    +0 samples (+0.00 frames, corr 0.999); peak sample in frame f390 (-1.37 dBFS)
